// Jest Snapshot v1, https://goo.gl/fbAQLP

exports[`<Footer/> renders the <Footer /> with populated data 1`] = `
<div
  class="footer__Container-sc-2kpta6-0 jrsebw"
>
  <p
    class="footer__Title-sc-2kpta6-4 halXKC"
  >
    Questions? Contact us
  </p>
  <p
    class="footer__Break-sc-2kpta6-6 TRyud"
  />
  <div
    class="footer__Row-sc-2kpta6-2 bwKixm"
  >
    <div
      class="footer__Column-sc-2kpta6-1 hNcAIT"
    >
      <a
        class="footer__Link-sc-2kpta6-3 emARIU"
        href="#"
      >
        FAQ
      </a>
      <a
        class="footer__Link-sc-2kpta6-3 emARIU"
        href="#"
      >
        Investor Relations
      </a>
      <a
        class="footer__Link-sc-2kpta6-3 emARIU"
        href="#"
      >
        Ways to Watch
      </a>
      <a
        class="footer__Link-sc-2kpta6-3 emARIU"
        href="#"
      >
        Corporate Information
      </a>
      <a
        class="footer__Link-sc-2kpta6-3 emARIU"
        href="#"
      >
        Netflix Originals
      </a>
    </div>
    <div
      class="footer__Column-sc-2kpta6-1 hNcAIT"
    >
      <a
        class="footer__Link-sc-2kpta6-3 emARIU"
        href="#"
      >
        Help Center
      </a>
      <a
        class="footer__Link-sc-2kpta6-3 emARIU"
        href="#"
      >
        Jobs
      </a>
      <a
        class="footer__Link-sc-2kpta6-3 emARIU"
        href="#"
      >
        Terms of Use
      </a>
      <a
        class="footer__Link-sc-2kpta6-3 emARIU"
        href="#"
      >
        Contact Us
      </a>
    </div>
    <div
      class="footer__Column-sc-2kpta6-1 hNcAIT"
    >
      <a
        class="footer__Link-sc-2kpta6-3 emARIU"
        href="#"
      >
        Account
      </a>
      <a
        class="footer__Link-sc-2kpta6-3 emARIU"
        href="#"
      >
        Redeem Gift Cards
      </a>
      <a
        class="footer__Link-sc-2kpta6-3 emARIU"
        href="#"
      >
        Privacy
      </a>
      <a
        class="footer__Link-sc-2kpta6-3 emARIU"
        href="#"
      >
        Speed Test
      </a>
    </div>
    <div
      class="footer__Column-sc-2kpta6-1 hNcAIT"
    >
      <a
        class="footer__Link-sc-2kpta6-3 emARIU"
        href="#"
      >
        Media Center
      </a>
      <a
        class="footer__Link-sc-2kpta6-3 emARIU"
        href="#"
      >
        Buy Gift Cards
      </a>
      <a
        class="footer__Link-sc-2kpta6-3 emARIU"
        href="#"
      >
        Cookie Preferences
      </a>
      <a
        class="footer__Link-sc-2kpta6-3 emARIU"
        href="#"
      >
        Legal Notices
      </a>
    </div>
  </div>
  <p
    class="footer__Break-sc-2kpta6-6 TRyud"
  />
  <p
    class="footer__Text-sc-2kpta6-5 edRkDb"
  >
    Netflix United Kingdom
  </p>
</div>
`;
