// Jest Snapshot v1, https://goo.gl/fbAQLP

exports[`<Form /> renders the <Form /> with populated data 1`] = `
<div
  class="form__Container-sc-1ohh9u9-0 iZnuyL"
>
  <h1
    class="form__Title-sc-1ohh9u9-3 cyHSTB"
  >
    Sign In Now
  </h1>
  <form
    class="form__Base-sc-1ohh9u9-2 hSfVbW"
  >
    <input
      class="form__Input-sc-1ohh9u9-7 hXqiVp"
      placeholder="Email Address"
    />
    <input
      class="form__Input-sc-1ohh9u9-7 hXqiVp"
      placeholder="Password"
      type="password"
    />
    <button
      class="form__Submit-sc-1ohh9u9-8 kvFzBG"
      disabled=""
      type="submit"
    >
      Sign In
    </button>
  </form>
  <p
    class="form__Text-sc-1ohh9u9-4 cJqEow"
  >
    New to Netflix?
     
    <link
      class="form__TextLink-sc-1ohh9u9-6 eCwtFN"
      to="/signup"
    >
       
      Sign up now.
       
    </link>
  </p>
  <p
    class="form__TextSmall-sc-1ohh9u9-5 jcWIxY"
  >
    This page is protected by Google reCaptcha to ensure that you're not a bot. Learn more.
  </p>
</div>
`;
